Selected: offset=0
 1  output/md2
Selected: offset=0
 1  output/md2
 2  output/md1
Selected: offset=0
 1  output/md2
 2  output/md1
Selected: offset=0
 1  output/md1
Selected: offset=0
 1  output/md1
Selected: offset=0
 1  output/md1
 2  output/md2
Selected: offset=0
 1  output/md2
Exit: 0
