
foo
all
foo2
output
output/md1
nil
output/md1
Exit: 0
